--------------------------------------------------------------------------------------
Timing Analyzer Summary
--------------------------------------------------------------------------------------

Type           : Worst-case tsu
Slack          : N/A
Required Time  : None
Actual Time    : 5.354 ns
From           : RX
To             : rx2
From Clock     : --
To Clock       : CLK
Failed Paths   : 0

Type           : Worst-case tco
Slack          : N/A
Required Time  : None
Actual Time    : 9.577 ns
From           : idle
To             : LED1
From Clock     : CLK
To Clock       : --
Failed Paths   : 0

Type           : Worst-case th
Slack          : N/A
Required Time  : None
Actual Time    : -5.085 ns
From           : RX
To             : rx_buf[0]
From Clock     : --
To Clock       : CLK
Failed Paths   : 0

Type           : Clock Setup: 'CLK'
Slack          : N/A
Required Time  : None
Actual Time    : 116.51 MHz ( period = 8.583 ns )
From           : cnt[1]
To             : state.transfer
From Clock     : CLK
To Clock       : CLK
Failed Paths   : 0

Type           : Total number of failed paths
Slack          : 
Required Time  : 
Actual Time    : 
From           : 
To             : 
From Clock     : 
To Clock       : 
Failed Paths   : 0

--------------------------------------------------------------------------------------

